450.comp
ERROR: 0:2: 'local_size_x' : must be at least 1 
ERROR: 1 compilation errors.  No code generated.


Shader version: 450
local_size = (1, 1, 1)
ERROR: node is still EOpNull!
0:?   Linker Objects


Linked compute stage:

ERROR: Linking compute stage: Missing entry point: Each stage requires one entry point

Shader version: 450
local_size = (1, 1, 1)
ERROR: node is still EOpNull!
0:?   Linker Objects

