hlsl.matType.frag
Shader version: 450
gl_FragCoord origin is upper left
0:? Sequence
0:1  Sequence
0:1    move second child to first child (temp 1-component vector of float)
0:1      'f1' (temp 1-component vector of float)
0:1      Constant:
0:1        1.000000
0:11  Function Definition: ShaderFunction(vf1;f1; (temp 1-component vector of float)
0:9    Function Parameters: 
0:9      'inFloat1' (in 1-component vector of float)
0:9      'inScalar' (in float)
0:?   Linker Objects
0:?     'f1' (temp 1-component vector of float)
0:?     'fmat11' (temp 1X1 matrix of float)
0:?     'fmat41' (temp 1X4 matrix of float)
0:?     'fmat12' (temp 2X1 matrix of float)
0:?     'dmat23' (temp 3X2 matrix of double)
0:?     'int44' (temp 4X4 matrix of int)


Linked fragment stage:


Shader version: 450
gl_FragCoord origin is upper left
0:? Sequence
0:1  Sequence
0:1    move second child to first child (temp 1-component vector of float)
0:1      'f1' (temp 1-component vector of float)
0:1      Constant:
0:1        1.000000
0:11  Function Definition: ShaderFunction(vf1;f1; (temp 1-component vector of float)
0:9    Function Parameters: 
0:9      'inFloat1' (in 1-component vector of float)
0:9      'inScalar' (in float)
0:?   Linker Objects
0:?     'f1' (temp 1-component vector of float)
0:?     'fmat11' (temp 1X1 matrix of float)
0:?     'fmat41' (temp 1X4 matrix of float)
0:?     'fmat12' (temp 2X1 matrix of float)
0:?     'dmat23' (temp 3X2 matrix of double)
0:?     'int44' (temp 4X4 matrix of int)

// Module Version 10000
// Generated by (magic number): 80001
// Id's are bound by 37

                              Capability Shader
                              Capability Float64
               1:             ExtInstImport  "GLSL.std.450"
                              MemoryModel Logical GLSL450
                              EntryPoint Fragment 4  "PixelShaderFunction"
                              ExecutionMode 4 OriginUpperLeft
                              Source HLSL 450
                              Name 4  "PixelShaderFunction"
                              Name 11  "ShaderFunction(vf1;f1;"
                              Name 9  "inFloat1"
                              Name 10  "inScalar"
                              Name 13  "f1"
                              Name 19  "fmat11"
                              Name 23  "fmat41"
                              Name 26  "fmat12"
                              Name 31  "dmat23"
                              Name 36  "int44"
               2:             TypeVoid
               3:             TypeFunction 2
               6:             TypeFloat 32
               7:             TypePointer Function 6(float)
               8:             TypeFunction 6(float) 7(ptr) 7(ptr)
              14:    6(float) Constant 1065353216
              16:             TypeVector 6(float) 1
              17:             TypeMatrix 16(fvec) 1
              18:             TypePointer Function 17
              20:             TypeVector 6(float) 4
              21:             TypeMatrix 20(fvec4) 1
              22:             TypePointer Function 21
              24:             TypeMatrix 16(fvec) 2
              25:             TypePointer Function 24
              27:             TypeFloat 64
              28:             TypeVector 27(float) 2
              29:             TypeMatrix 28(fvec2) 3
              30:             TypePointer Function 29
              32:             TypeInt 32 1
              33:             TypeVector 32(int) 4
              34:             TypeMatrix 33(ivec4) 4
              35:             TypePointer Function 34
4(PixelShaderFunction):           2 Function None 3
               5:             Label
          13(f1):      7(ptr) Variable Function
                              Store 13(f1) 14
                              FunctionEnd
11(ShaderFunction(vf1;f1;):    6(float) Function None 8
     9(inFloat1):      7(ptr) FunctionParameter
    10(inScalar):      7(ptr) FunctionParameter
              12:             Label
      19(fmat11):     18(ptr) Variable Function
      23(fmat41):     22(ptr) Variable Function
      26(fmat12):     25(ptr) Variable Function
      31(dmat23):     30(ptr) Variable Function
       36(int44):     35(ptr) Variable Function
              15:    6(float) Undef
                              ReturnValue 15
                              FunctionEnd
